// Jest Snapshot v1, https://goo.gl/fbAQLP

exports[`createProgressBar should build a Progress Bar using points data and correctly show points and not percentages 1`] = `<div />`;
