// Jest Snapshot v1, https://goo.gl/fbAQLP

exports[`createProgressBar should build a Progress Bar using percentage data 1`] = `<div />`;
